// Jest Snapshot v1, https://goo.gl/fbAQLP

exports[`<TextField /> renders component 1`] = `
.c0 {
  margin: 0;
}

.c1 {
  width: 100%;
  border: 3px solid #66D0A1;
  padding: 12px 16px;
  outline: 0;
  border-radius: 12px;
}

<input
  class="c0 c1"
  name="nome"
  placeholder="Jun"
  value="Jun"
/>
`;
